[2m2026-07-20T04:41:36.500137Z[0m [32m INFO[0m [2mharmony_gateway_app[0m[2m:[0m [SYSTEM] Starting Harmony Gateway Service...
[2m2026-07-20T04:41:36.500324Z[0m [32m INFO[0m [2mharmony_gateway_app[0m[2m:[0m [TRANSPORT] Initializing Redis Transport for Gateway...
[2m2026-07-20T04:41:36.502523Z[0m [32m INFO[0m [2mharmony_gateway_app[0m[2m:[0m [GATEWAY] Initializing Lavende Audio Engine...
[2m2026-07-20T04:41:36.502555Z[0m [32m INFO[0m [2mharmony_messaging::transport::redis_transport[0m[2m:[0m Connecting to Redis Pub/Sub channel: harmony_events_worker
[2m2026-07-20T04:41:36.503192Z[0m [32m INFO[0m [2mharmony_messaging::transport::redis_transport[0m[2m:[0m Successfully connected to Redis Pub/Sub
[2m2026-07-20T04:41:37.368886Z[0m [32m INFO[0m [2mharmony_gateway_app[0m[2m:[0m [GATEWAY] Initializing Shard Manager...
[2m2026-07-20T04:41:37.370024Z[0m [32m INFO[0m [2mharmony_gateway::audio_listener[0m[2m:[0m AudioListener started, waiting for music commands...
[2m2026-07-20T04:41:38.326595Z[0m [32m INFO[0m [2mharmony_gateway_app[0m[2m:[0m [SYSTEM] Harmony Gateway Service running. Waiting for shutdown signal...
[2m2026-07-20T04:41:38.326601Z[0m [32m INFO[0m [2mharmony_gateway::event_loop[0m[2m:[0m Starting gateway event loop
[2m2026-07-20T04:41:38.326836Z[0m [32m INFO[0m [2mharmony_gateway::event_loop[0m[2m:[0m Starting event loop for shard 0
[2m2026-07-20T04:42:34.713375Z[0m [32m INFO[0m [2mlavende_core::sources::manager::registration[0m[2m:[0m Loaded source: YouTube
[2m2026-07-20T04:42:34.713745Z[0m [32m INFO[0m [2mlavende_core::sources::youtube[0m[2m:[0m YouTube source initialized with 4 search, 7 playback, and 6 resolve clients.
[2m2026-07-20T04:42:34.714646Z[0m [32m INFO[0m [2mlavende_core::sources::manager::registration[0m[2m:[0m Loaded source: SoundCloud
[2m2026-07-20T04:42:34.714670Z[0m [32m INFO[0m [2mlavende_core::sources::manager::registration[0m[2m:[0m Loaded source: Spotify
[2m2026-07-20T04:42:34.714709Z[0m [32m INFO[0m [2mlavende_core::sources::manager::registration[0m[2m:[0m Loaded source: JioSaavn
[2m2026-07-20T04:42:34.714721Z[0m [33m WARN[0m [2mlavende_core::sources::manager::registration[0m[2m:[0m Deezer source is enabled but arls and master_decryption_key are missing; it will be disabled.
[2m2026-07-20T04:42:34.715052Z[0m [32m INFO[0m [2mlavende_core::sources::manager::registration[0m[2m:[0m Loaded source: Apple Music
[2m2026-07-20T04:42:34.715120Z[0m [32m INFO[0m [2mlavende_core::sources::manager::registration[0m[2m:[0m Loaded source: Tidal
[2m2026-07-20T04:42:34.715146Z[0m [32m INFO[0m [2mlavende_core::sources::manager::registration[0m[2m:[0m Loaded source: Bandcamp
[2m2026-07-20T04:42:34.715168Z[0m [32m INFO[0m [2mlavende_core::sources::manager::registration[0m[2m:[0m Loaded source: Twitch
[2m2026-07-20T04:42:34.715229Z[0m [32m INFO[0m [2mlavende_core::sources::applemusic::token[0m[2m:[0m Fetching new Apple Music API token...
[2m2026-07-20T04:42:34.716301Z[0m [32m INFO[0m [2mlavende_core::sources::manager::registration[0m[2m:[0m Loaded source: Amazon Music
[2m2026-07-20T04:42:34.716340Z[0m [32m INFO[0m [2mlavende_core::sources::manager::registration[0m[2m:[0m Loaded source: http
[2m2026-07-20T04:42:34.718124Z[0m [32m INFO[0m [2mlavende_core::sources::tidal::token[0m[2m:[0m Fetching new Tidal API token via scraper...
[2m2026-07-20T04:42:35.704897Z[0m [31mERROR[0m [2mlavende_core::sources::tidal::token[0m[2m:[0m Tidal listen page returned status: 403 Forbidden
[2m2026-07-20T04:42:36.590256Z[0m [32m INFO[0m [2mlavende_core::sources::applemusic::token[0m[2m:[0m Successfully refreshed Apple Music token
[2m2026-07-20T04:42:37.275713Z[0m [32m INFO[0m [2mlavende_core::sources::soundcloud::token[0m[2m:[0m Successfully refreshed SoundCloud client_id
[2m2026-07-20T04:42:38.273289Z[0m [33m WARN[0m [2mlavende_core::sources::youtube[0m[2m:[0m Search error with Android: InnerTube search 400 Bad Request (Android): {
  "error": {
    "code": 400,
    "message": "Request contains an invalid argument.",
    "status": "INVALID_ARGUMENT"
  }
}

[2m2026-07-20T04:42:38.409932Z[0m [33m WARN[0m [2mlavende_core::sources::youtube[0m[2m:[0m Search error with Web: InnerTube search 400 Bad Request (Web): {
  "error": {
    "code": 400,
    "message": "Request contains an invalid argument.",
    "status": "INVALID_ARGUMENT"
  }
}

[2m2026-07-20T04:42:38.566505Z[0m [33m WARN[0m [2mlavende_core::sources::youtube[0m[2m:[0m Secondary search error with MusicAndroid: InnerTube search 400 Bad Request (MusicAndroid): {
  "error": {
    "code": 400,
    "message": "Request contains an invalid argument.",
    "status": "INVALID_ARGUMENT"
  }
}

[2m2026-07-20T04:42:38.713090Z[0m [33m WARN[0m [2mlavende_core::sources::youtube[0m[2m:[0m Fallback search error with MWeb: InnerTube search 400 Bad Request (MWeb): {
  "error": {
    "code": 400,
    "message": "Request contains an invalid argument.",
    "status": "INVALID_ARGUMENT"
  }
}

[2m2026-07-20T04:42:38.900752Z[0m [33m WARN[0m [2mlavende_core::sources::youtube[0m[2m:[0m Fallback search error with Ios: InnerTube search 400 Bad Request (Ios): {
  "error": {
    "code": 400,
    "message": "Request contains an invalid argument.",
    "status": "INVALID_ARGUMENT"
  }
}

[2m2026-07-20T04:42:40.193283Z[0m [33m WARN[0m [2mlavende_core::sources::youtube[0m[2m:[0m Search error with Android: InnerTube search 400 Bad Request (Android): {
  "error": {
    "code": 400,
    "message": "Request contains an invalid argument.",
    "status": "INVALID_ARGUMENT"
  }
}

[2m2026-07-20T04:42:40.351193Z[0m [33m WARN[0m [2mlavende_core::sources::youtube[0m[2m:[0m Search error with Web: InnerTube search 400 Bad Request (Web): {
  "error": {
    "code": 400,
    "message": "Request contains an invalid argument.",
    "status": "INVALID_ARGUMENT"
  }
}

[2m2026-07-20T04:42:40.525392Z[0m [33m WARN[0m [2mlavende_core::sources::youtube[0m[2m:[0m Secondary search error with MusicAndroid: InnerTube search 400 Bad Request (MusicAndroid): {
  "error": {
    "code": 400,
    "message": "Request contains an invalid argument.",
    "status": "INVALID_ARGUMENT"
  }
}

[2m2026-07-20T04:42:40.669382Z[0m [33m WARN[0m [2mlavende_core::sources::youtube[0m[2m:[0m Fallback search error with MWeb: InnerTube search 400 Bad Request (MWeb): {
  "error": {
    "code": 400,
    "message": "Request contains an invalid argument.",
    "status": "INVALID_ARGUMENT"
  }
}

[2m2026-07-20T04:42:40.851491Z[0m [33m WARN[0m [2mlavende_core::sources::youtube[0m[2m:[0m Fallback search error with Ios: InnerTube search 400 Bad Request (Ios): {
  "error": {
    "code": 400,
    "message": "Request contains an invalid argument.",
    "status": "INVALID_ARGUMENT"
  }
}

[2m2026-07-20T04:42:41.257665Z[0m [33m WARN[0m [2mlavende_core::sources::manager::best_match[0m[2m:[0m [Mirror] no valid mirror found for "Rabba Ve" | Akbar Wasif
[2m2026-07-20T04:43:06.994760Z[0m [33m WARN[0m [2mlavende_core::sources::youtube[0m[2m:[0m Search error with Android: InnerTube search 400 Bad Request (Android): {
  "error": {
    "code": 400,
    "message": "Request contains an invalid argument.",
    "status": "INVALID_ARGUMENT"
  }
}

[2m2026-07-20T04:43:07.244957Z[0m [33m WARN[0m [2mlavende_core::sources::youtube[0m[2m:[0m Search error with Web: InnerTube search 400 Bad Request (Web): {
  "error": {
    "code": 400,
    "message": "Request contains an invalid argument.",
    "status": "INVALID_ARGUMENT"
  }
}

[2m2026-07-20T04:43:07.433659Z[0m [33m WARN[0m [2mlavende_core::sources::youtube[0m[2m:[0m Secondary search error with MusicAndroid: InnerTube search 400 Bad Request (MusicAndroid): {
  "error": {
    "code": 400,
    "message": "Request contains an invalid argument.",
    "status": "INVALID_ARGUMENT"
  }
}

[2m2026-07-20T04:43:07.611176Z[0m [33m WARN[0m [2mlavende_core::sources::youtube[0m[2m:[0m Fallback search error with MWeb: InnerTube search 400 Bad Request (MWeb): {
  "error": {
    "code": 400,
    "message": "Request contains an invalid argument.",
    "status": "INVALID_ARGUMENT"
  }
}

[2m2026-07-20T04:43:07.900755Z[0m [33m WARN[0m [2mlavende_core::sources::youtube[0m[2m:[0m Fallback search error with Ios: InnerTube search 400 Bad Request (Ios): {
  "error": {
    "code": 400,
    "message": "Request contains an invalid argument.",
    "status": "INVALID_ARGUMENT"
  }
}

